Gym has been unmaintained since 2022 and does not support NumPy 2.0 amongst other critical functionality.
Please upgrade to Gymnasium, the maintained drop-in replacement of Gym, or contact the authors of your software and request that they upgrade.
See the migration guide at https://gymnasium.farama.org/introduction/migration_guide/ for additional information.
EVAL_POOL_START count=600 workers=8
Gym has been unmaintained since 2022 and does not support NumPy 2.0 amongst other critical functionality.
Please upgrade to Gymnasium, the maintained drop-in replacement of Gym, or contact the authors of your software and request that they upgrade.
See the migration guide at https://gymnasium.farama.org/introduction/migration_guide/ for additional information.
Gym has been unmaintained since 2022 and does not support NumPy 2.0 amongst other critical functionality.
Please upgrade to Gymnasium, the maintained drop-in replacement of Gym, or contact the authors of your software and request that they upgrade.
See the migration guide at https://gymnasium.farama.org/introduction/migration_guide/ for additional information.
Gym has been unmaintained since 2022 and does not support NumPy 2.0 amongst other critical functionality.
Please upgrade to Gymnasium, the maintained drop-in replacement of Gym, or contact the authors of your software and request that they upgrade.
See the migration guide at https://gymnasium.farama.org/introduction/migration_guide/ for additional information.
Gym has been unmaintained since 2022 and does not support NumPy 2.0 amongst other critical functionality.
Please upgrade to Gymnasium, the maintained drop-in replacement of Gym, or contact the authors of your software and request that they upgrade.
See the migration guide at https://gymnasium.farama.org/introduction/migration_guide/ for additional information.
Gym has been unmaintained since 2022 and does not support NumPy 2.0 amongst other critical functionality.
Please upgrade to Gymnasium, the maintained drop-in replacement of Gym, or contact the authors of your software and request that they upgrade.
See the migration guide at https://gymnasium.farama.org/introduction/migration_guide/ for additional information.
Gym has been unmaintained since 2022 and does not support NumPy 2.0 amongst other critical functionality.
Please upgrade to Gymnasium, the maintained drop-in replacement of Gym, or contact the authors of your software and request that they upgrade.
See the migration guide at https://gymnasium.farama.org/introduction/migration_guide/ for additional information.
/home/haowei/miniconda3/envs/end2race/lib/python3.10/site-packages/f110_gym/envs/base_classes.py:93: UserWarning: Chosen integrator is RK4. This is different from previous versions of the gym.
  warnings.warn(f"Chosen integrator is RK4. This is different from previous versions of the gym.")
/home/haowei/miniconda3/envs/end2race/lib/python3.10/site-packages/f110_gym/envs/base_classes.py:93: UserWarning: Chosen integrator is RK4. This is different from previous versions of the gym.
  warnings.warn(f"Chosen integrator is RK4. This is different from previous versions of the gym.")
/home/haowei/miniconda3/envs/end2race/lib/python3.10/site-packages/f110_gym/envs/base_classes.py:93: UserWarning: Chosen integrator is RK4. This is different from previous versions of the gym.
  warnings.warn(f"Chosen integrator is RK4. This is different from previous versions of the gym.")
/home/haowei/miniconda3/envs/end2race/lib/python3.10/site-packages/f110_gym/envs/base_classes.py:93: UserWarning: Chosen integrator is RK4. This is different from previous versions of the gym.
  warnings.warn(f"Chosen integrator is RK4. This is different from previous versions of the gym.")
Gym has been unmaintained since 2022 and does not support NumPy 2.0 amongst other critical functionality.
Please upgrade to Gymnasium, the maintained drop-in replacement of Gym, or contact the authors of your software and request that they upgrade.
See the migration guide at https://gymnasium.farama.org/introduction/migration_guide/ for additional information.
/home/haowei/miniconda3/envs/end2race/lib/python3.10/site-packages/f110_gym/envs/base_classes.py:93: UserWarning: Chosen integrator is RK4. This is different from previous versions of the gym.
  warnings.warn(f"Chosen integrator is RK4. This is different from previous versions of the gym.")
/home/haowei/miniconda3/envs/end2race/lib/python3.10/site-packages/f110_gym/envs/base_classes.py:93: UserWarning: Chosen integrator is RK4. This is different from previous versions of the gym.
  warnings.warn(f"Chosen integrator is RK4. This is different from previous versions of the gym.")
Gym has been unmaintained since 2022 and does not support NumPy 2.0 amongst other critical functionality.
Please upgrade to Gymnasium, the maintained drop-in replacement of Gym, or contact the authors of your software and request that they upgrade.
See the migration guide at https://gymnasium.farama.org/introduction/migration_guide/ for additional information.
/home/haowei/miniconda3/envs/end2race/lib/python3.10/site-packages/f110_gym/envs/base_classes.py:93: UserWarning: Chosen integrator is RK4. This is different from previous versions of the gym.
  warnings.warn(f"Chosen integrator is RK4. This is different from previous versions of the gym.")
/home/haowei/miniconda3/envs/end2race/lib/python3.10/site-packages/f110_gym/envs/base_classes.py:93: UserWarning: Chosen integrator is RK4. This is different from previous versions of the gym.
  warnings.warn(f"Chosen integrator is RK4. This is different from previous versions of the gym.")
/home/haowei/miniconda3/envs/end2race/lib/python3.10/site-packages/f110_gym/envs/base_classes.py:93: UserWarning: Chosen integrator is RK4. This is different from previous versions of the gym.
  warnings.warn(f"Chosen integrator is RK4. This is different from previous versions of the gym.")
/home/haowei/miniconda3/envs/end2race/lib/python3.10/site-packages/f110_gym/envs/base_classes.py:93: UserWarning: Chosen integrator is RK4. This is different from previous versions of the gym.
  warnings.warn(f"Chosen integrator is RK4. This is different from previous versions of the gym.")
/home/haowei/miniconda3/envs/end2race/lib/python3.10/site-packages/f110_gym/envs/base_classes.py:93: UserWarning: Chosen integrator is RK4. This is different from previous versions of the gym.
  warnings.warn(f"Chosen integrator is RK4. This is different from previous versions of the gym.")
/home/haowei/miniconda3/envs/end2race/lib/python3.10/site-packages/f110_gym/envs/base_classes.py:93: UserWarning: Chosen integrator is RK4. This is different from previous versions of the gym.
  warnings.warn(f"Chosen integrator is RK4. This is different from previous versions of the gym.")
/home/haowei/miniconda3/envs/end2race/lib/python3.10/site-packages/f110_gym/envs/base_classes.py:93: UserWarning: Chosen integrator is RK4. This is different from previous versions of the gym.
  warnings.warn(f"Chosen integrator is RK4. This is different from previous versions of the gym.")
/home/haowei/miniconda3/envs/end2race/lib/python3.10/site-packages/f110_gym/envs/base_classes.py:93: UserWarning: Chosen integrator is RK4. This is different from previous versions of the gym.
  warnings.warn(f"Chosen integrator is RK4. This is different from previous versions of the gym.")
/home/haowei/miniconda3/envs/end2race/lib/python3.10/site-packages/f110_gym/envs/base_classes.py:93: UserWarning: Chosen integrator is RK4. This is different from previous versions of the gym.
  warnings.warn(f"Chosen integrator is RK4. This is different from previous versions of the gym.")
/home/haowei/miniconda3/envs/end2race/lib/python3.10/site-packages/f110_gym/envs/base_classes.py:93: UserWarning: Chosen integrator is RK4. This is different from previous versions of the gym.
  warnings.warn(f"Chosen integrator is RK4. This is different from previous versions of the gym.")
EVAL_POOL_PROGRESS 25/600
EVAL_POOL_PROGRESS 50/600
EVAL_POOL_PROGRESS 75/600
EVAL_POOL_PROGRESS 100/600
EVAL_POOL_PROGRESS 125/600
EVAL_POOL_PROGRESS 150/600
EVAL_POOL_PROGRESS 175/600
EVAL_POOL_PROGRESS 200/600
EVAL_POOL_PROGRESS 225/600
EVAL_POOL_PROGRESS 250/600
EVAL_POOL_PROGRESS 275/600
EVAL_POOL_PROGRESS 300/600
EVAL_POOL_PROGRESS 325/600
EVAL_POOL_PROGRESS 350/600
EVAL_POOL_PROGRESS 375/600
EVAL_POOL_PROGRESS 400/600
EVAL_POOL_PROGRESS 425/600
EVAL_POOL_PROGRESS 450/600
EVAL_POOL_PROGRESS 475/600
EVAL_POOL_PROGRESS 500/600
EVAL_POOL_PROGRESS 525/600
EVAL_POOL_PROGRESS 550/600
EVAL_POOL_PROGRESS 575/600
EVAL_POOL_PROGRESS 600/600
EVAL_POOL_DONE seconds=302.5 summary={'collision': 21, 'follow': 233, 'overtake': 346, 'error': 0, 'total': 600}
