{
  "as_of": "2026-07-23",
  "git_commit": "4e0043ed26e57950546c685d7bddba83e756c1a5",
  "run_count": 16,
  "training_formal_update_rows": 415,
  "eval_panel_count_including_bc": 93,
  "eval_episode_comparison_rows": 55800,
  "expected_nominal_eval_episodes": 55800,
  "summary_valid_panel_count": 92,
  "trace_complete_panel_count": 93,
  "panel_unique_scenario_ids": 600,
  "panel_unique_physical_initial_conditions": 592,
  "duplicate_physical_initial_condition_groups": 8,
  "duplicate_nominal_episode_rows": 8,
  "bc_collision_count": 22,
  "bc_structural_post_overtake_rear_contact_count": 12,
  "bc_strict_high_sideslip_tail_5deg_count": 8,
  "best_ppo_collision_count": 11,
  "best_ppo_panels": [
    {
      "group": "G7",
      "arm": "clip 0.20 x 45U",
      "run": "ppo_privilege_gru_0722_long45_clip020",
      "update": 40,
      "collision_count": 11,
      "overtake_count": 355,
      "follow_count": 234
    },
    {
      "group": "G5",
      "arm": "clip 0.20 x 30U",
      "run": "ppo_privilege_gru_0722_long_clip020",
      "update": 30,
      "collision_count": 11,
      "overtake_count": 358,
      "follow_count": 231
    }
  ],
  "current_snapshot": {
    "BC": {
      "group": "BC",
      "arm": "BC",
      "run": "BC",
      "update": 0,
      "panel": "BC",
      "episode_rows": 600,
      "unique_scenario_ids": 600,
      "unique_physical_initial_conditions": 592,
      "missing_scenario_ids": 0,
      "extra_scenario_ids": 0,
      "trace_files": 600,
      "missing_trace_files": 0,
      "unexpected_trace_files": 0,
      "collision_count": 22,
      "collision_rate": 0.03666666666666667,
      "collision_rate_among_recorded_rows": 0.03666666666666667,
      "collision_rate_wilson_low": 0.024336895975690734,
      "collision_rate_wilson_high": 0.05489161363033859,
      "success_count": 578,
      "success_rate": 0.9633333333333334,
      "overtake_count": 344,
      "overtake_rate": 0.5733333333333334,
      "follow_count": 234,
      "follow_rate": 0.39,
      "vehicle_collision_count": 21,
      "wall_only_collision_count": 1,
      "initial_ego_collision_count": 0,
      "mean_avg_speed_mps": 5.302630572051154,
      "mean_speed_variance": 1.6215748785709145,
      "mean_total_distance_m": 41.93838559639491,
      "mean_final_relative_position_m": 5.631330022805841,
      "mean_global_min_surface_dist_m": 0.37551666666666667,
      "median_collision_time_s": 4.924999999999939,
      "mean_collision_time_s": 4.8822727272726665,
      "steering_anomaly_episode_count": 0,
      "near_proximity_episode_count": 67,
      "bc_collisions_resolved": 0,
      "bc_collisions_persistent": 22,
      "new_collisions_created": 0,
      "paired_scenario_count": 600,
      "net_collision_change_vs_bc": 0,
      "paired_exact_p_unadjusted": 1.0,
      "aggregate_consistent": true,
      "scenario_set_matches_bc": true,
      "all_action_observation_finite": true,
      "summary_valid": true,
      "trace_complete": true,
      "paired_exact_q_bh_all_panels": 1.0,
      "collision_trace_rows": 22,
      "missing_collision_traces": 0,
      "post_overtake_rear_contact_count": 12,
      "post_overtake_rear_merge_contact_count": 11,
      "high_sideslip_tail_3deg_count": 10,
      "high_sideslip_tail_5deg_count": 8,
      "high_sideslip_tail_8deg_count": 7,
      "bc_structural_tail_scenarios_total": 12,
      "bc_structural_tail_scenarios_still_collision": 12,
      "bc_structural_tail_scenarios_resolved": 0,
      "bc_strict_5deg_tail_scenarios_total": 8,
      "bc_strict_5deg_tail_scenarios_still_collision": 8,
      "bc_strict_5deg_tail_scenarios_resolved": 0,
      "new_structural_tail_scenarios_vs_bc": 0,
      "new_strict_5deg_tail_scenarios_vs_bc": 0
    },
    "G5_U30": {
      "group": "G5",
      "arm": "clip 0.20 x 30U",
      "run": "ppo_privilege_gru_0722_long_clip020",
      "update": 30,
      "panel": "ppo_privilege_gru_0722_long_clip020_u0030",
      "episode_rows": 600,
      "unique_scenario_ids": 600,
      "unique_physical_initial_conditions": 592,
      "missing_scenario_ids": 0,
      "extra_scenario_ids": 0,
      "trace_files": 600,
      "missing_trace_files": 0,
      "unexpected_trace_files": 0,
      "collision_count": 11,
      "collision_rate": 0.018333333333333333,
      "collision_rate_among_recorded_rows": 0.018333333333333333,
      "collision_rate_wilson_low": 0.010267306165938218,
      "collision_rate_wilson_high": 0.032527799143926804,
      "success_count": 589,
      "success_rate": 0.9816666666666667,
      "overtake_count": 358,
      "overtake_rate": 0.5966666666666667,
      "follow_count": 231,
      "follow_rate": 0.385,
      "vehicle_collision_count": 11,
      "wall_only_collision_count": 0,
      "initial_ego_collision_count": 0,
      "mean_avg_speed_mps": 5.374188020513503,
      "mean_speed_variance": 1.6780973729069741,
      "mean_total_distance_m": 42.82768476911375,
      "mean_final_relative_position_m": 6.184974213612734,
      "mean_global_min_surface_dist_m": 0.40002816666666663,
      "median_collision_time_s": 6.069999999999915,
      "mean_collision_time_s": 5.375454545454473,
      "steering_anomaly_episode_count": 0,
      "near_proximity_episode_count": 51,
      "bc_collisions_resolved": 17,
      "bc_collisions_persistent": 5,
      "new_collisions_created": 6,
      "paired_scenario_count": 600,
      "net_collision_change_vs_bc": -11,
      "paired_exact_p_unadjusted": 0.03468966484069824,
      "aggregate_consistent": true,
      "scenario_set_matches_bc": true,
      "all_action_observation_finite": true,
      "summary_valid": true,
      "trace_complete": true,
      "paired_exact_q_bh_all_panels": 0.4230923122829861,
      "collision_trace_rows": 11,
      "missing_collision_traces": 0,
      "post_overtake_rear_contact_count": 5,
      "post_overtake_rear_merge_contact_count": 4,
      "high_sideslip_tail_3deg_count": 3,
      "high_sideslip_tail_5deg_count": 3,
      "high_sideslip_tail_8deg_count": 2,
      "bc_structural_tail_scenarios_total": 12,
      "bc_structural_tail_scenarios_still_collision": 2,
      "bc_structural_tail_scenarios_resolved": 10,
      "bc_strict_5deg_tail_scenarios_total": 8,
      "bc_strict_5deg_tail_scenarios_still_collision": 1,
      "bc_strict_5deg_tail_scenarios_resolved": 7,
      "new_structural_tail_scenarios_vs_bc": 4,
      "new_strict_5deg_tail_scenarios_vs_bc": 2
    },
    "G7_U40": {
      "group": "G7",
      "arm": "clip 0.20 x 45U",
      "run": "ppo_privilege_gru_0722_long45_clip020",
      "update": 40,
      "panel": "ppo_privilege_gru_0722_long45_clip020_u0040",
      "episode_rows": 600,
      "unique_scenario_ids": 600,
      "unique_physical_initial_conditions": 592,
      "missing_scenario_ids": 0,
      "extra_scenario_ids": 0,
      "trace_files": 600,
      "missing_trace_files": 0,
      "unexpected_trace_files": 0,
      "collision_count": 11,
      "collision_rate": 0.018333333333333333,
      "collision_rate_among_recorded_rows": 0.018333333333333333,
      "collision_rate_wilson_low": 0.010267306165938218,
      "collision_rate_wilson_high": 0.032527799143926804,
      "success_count": 589,
      "success_rate": 0.9816666666666667,
      "overtake_count": 355,
      "overtake_rate": 0.5916666666666667,
      "follow_count": 234,
      "follow_rate": 0.39,
      "vehicle_collision_count": 11,
      "wall_only_collision_count": 0,
      "initial_ego_collision_count": 0,
      "mean_avg_speed_mps": 5.360909806825641,
      "mean_speed_variance": 1.6885470259520323,
      "mean_total_distance_m": 42.645707720652815,
      "mean_final_relative_position_m": 6.096643149290705,
      "mean_global_min_surface_dist_m": 0.39042566666666667,
      "median_collision_time_s": 4.259999999999954,
      "mean_collision_time_s": 4.58545454545449,
      "steering_anomaly_episode_count": 0,
      "near_proximity_episode_count": 53,
      "bc_collisions_resolved": 15,
      "bc_collisions_persistent": 7,
      "new_collisions_created": 4,
      "paired_scenario_count": 600,
      "net_collision_change_vs_bc": -11,
      "paired_exact_p_unadjusted": 0.0192108154296875,
      "aggregate_consistent": true,
      "scenario_set_matches_bc": true,
      "all_action_observation_finite": true,
      "summary_valid": true,
      "trace_complete": true,
      "paired_exact_q_bh_all_panels": 0.41328125,
      "collision_trace_rows": 11,
      "missing_collision_traces": 0,
      "post_overtake_rear_contact_count": 8,
      "post_overtake_rear_merge_contact_count": 7,
      "high_sideslip_tail_3deg_count": 5,
      "high_sideslip_tail_5deg_count": 5,
      "high_sideslip_tail_8deg_count": 3,
      "bc_structural_tail_scenarios_total": 12,
      "bc_structural_tail_scenarios_still_collision": 3,
      "bc_structural_tail_scenarios_resolved": 9,
      "bc_strict_5deg_tail_scenarios_total": 8,
      "bc_strict_5deg_tail_scenarios_still_collision": 1,
      "bc_strict_5deg_tail_scenarios_resolved": 7,
      "new_structural_tail_scenarios_vs_bc": 5,
      "new_strict_5deg_tail_scenarios_vs_bc": 4
    },
    "G7_U45": {
      "group": "G7",
      "arm": "clip 0.20 x 45U",
      "run": "ppo_privilege_gru_0722_long45_clip020",
      "update": 45,
      "panel": "ppo_privilege_gru_0722_long45_clip020_u0045",
      "episode_rows": 600,
      "unique_scenario_ids": 600,
      "unique_physical_initial_conditions": 592,
      "missing_scenario_ids": 0,
      "extra_scenario_ids": 0,
      "trace_files": 600,
      "missing_trace_files": 0,
      "unexpected_trace_files": 0,
      "collision_count": 12,
      "collision_rate": 0.02,
      "collision_rate_among_recorded_rows": 0.02,
      "collision_rate_wilson_low": 0.011477178627043526,
      "collision_rate_wilson_high": 0.03463005434610916,
      "success_count": 588,
      "success_rate": 0.98,
      "overtake_count": 357,
      "overtake_rate": 0.595,
      "follow_count": 231,
      "follow_rate": 0.385,
      "vehicle_collision_count": 11,
      "wall_only_collision_count": 1,
      "initial_ego_collision_count": 0,
      "mean_avg_speed_mps": 5.337238932210566,
      "mean_speed_variance": 1.6663434531591017,
      "mean_total_distance_m": 42.468768061402834,
      "mean_final_relative_position_m": 5.903703238691977,
      "mean_global_min_surface_dist_m": 0.3879768333333333,
      "median_collision_time_s": 5.1099999999999355,
      "mean_collision_time_s": 4.832499999999939,
      "steering_anomaly_episode_count": 0,
      "near_proximity_episode_count": 56,
      "bc_collisions_resolved": 15,
      "bc_collisions_persistent": 7,
      "new_collisions_created": 5,
      "paired_scenario_count": 600,
      "net_collision_change_vs_bc": -10,
      "paired_exact_p_unadjusted": 0.04138946533203125,
      "aggregate_consistent": true,
      "scenario_set_matches_bc": true,
      "all_action_observation_finite": true,
      "summary_valid": true,
      "trace_complete": true,
      "paired_exact_q_bh_all_panels": 0.4230923122829861,
      "collision_trace_rows": 12,
      "missing_collision_traces": 0,
      "post_overtake_rear_contact_count": 7,
      "post_overtake_rear_merge_contact_count": 7,
      "high_sideslip_tail_3deg_count": 7,
      "high_sideslip_tail_5deg_count": 6,
      "high_sideslip_tail_8deg_count": 4,
      "bc_structural_tail_scenarios_total": 12,
      "bc_structural_tail_scenarios_still_collision": 4,
      "bc_structural_tail_scenarios_resolved": 8,
      "bc_strict_5deg_tail_scenarios_total": 8,
      "bc_strict_5deg_tail_scenarios_still_collision": 3,
      "bc_strict_5deg_tail_scenarios_resolved": 5,
      "new_structural_tail_scenarios_vs_bc": 3,
      "new_strict_5deg_tail_scenarios_vs_bc": 3
    },
    "G8_U45": {
      "group": "G8",
      "arm": "clip 0.25 x 45U",
      "run": "ppo_privilege_gru_0722_long45_clip025",
      "update": 45,
      "panel": "ppo_privilege_gru_0722_long45_clip025_u0045",
      "episode_rows": 600,
      "unique_scenario_ids": 600,
      "unique_physical_initial_conditions": 592,
      "missing_scenario_ids": 0,
      "extra_scenario_ids": 0,
      "trace_files": 600,
      "missing_trace_files": 0,
      "unexpected_trace_files": 0,
      "collision_count": 16,
      "collision_rate": 0.02666666666666667,
      "collision_rate_among_recorded_rows": 0.02666666666666667,
      "collision_rate_wilson_low": 0.01647980981438986,
      "collision_rate_wilson_high": 0.042875933811913486,
      "success_count": 584,
      "success_rate": 0.9733333333333334,
      "overtake_count": 355,
      "overtake_rate": 0.5916666666666667,
      "follow_count": 229,
      "follow_rate": 0.38166666666666665,
      "vehicle_collision_count": 16,
      "wall_only_collision_count": 0,
      "initial_ego_collision_count": 0,
      "mean_avg_speed_mps": 5.3637836950368625,
      "mean_speed_variance": 1.6397577280426539,
      "mean_total_distance_m": 42.51454581348323,
      "mean_final_relative_position_m": 6.082900083394294,
      "mean_global_min_surface_dist_m": 0.37743333333333334,
      "median_collision_time_s": 4.369999999999951,
      "mean_collision_time_s": 4.4668749999999475,
      "steering_anomaly_episode_count": 0,
      "near_proximity_episode_count": 70,
      "bc_collisions_resolved": 12,
      "bc_collisions_persistent": 10,
      "new_collisions_created": 6,
      "paired_scenario_count": 600,
      "net_collision_change_vs_bc": -6,
      "paired_exact_p_unadjusted": 0.237884521484375,
      "aggregate_consistent": true,
      "scenario_set_matches_bc": true,
      "all_action_observation_finite": true,
      "summary_valid": true,
      "trace_complete": true,
      "paired_exact_q_bh_all_panels": 0.7546681371228449,
      "collision_trace_rows": 16,
      "missing_collision_traces": 0,
      "post_overtake_rear_contact_count": 8,
      "post_overtake_rear_merge_contact_count": 7,
      "high_sideslip_tail_3deg_count": 7,
      "high_sideslip_tail_5deg_count": 5,
      "high_sideslip_tail_8deg_count": 3,
      "bc_structural_tail_scenarios_total": 12,
      "bc_structural_tail_scenarios_still_collision": 5,
      "bc_structural_tail_scenarios_resolved": 7,
      "bc_strict_5deg_tail_scenarios_total": 8,
      "bc_strict_5deg_tail_scenarios_still_collision": 4,
      "bc_strict_5deg_tail_scenarios_resolved": 4,
      "new_structural_tail_scenarios_vs_bc": 4,
      "new_strict_5deg_tail_scenarios_vs_bc": 1
    },
    "G9_U20": {
      "group": "G9",
      "arm": "hard-neighbor x 45U",
      "run": "ppo_privilege_gru_0722_long45_clip020_hard",
      "update": 20,
      "panel": "ppo_privilege_gru_0722_long45_clip020_hard_u0020",
      "episode_rows": 600,
      "unique_scenario_ids": 600,
      "unique_physical_initial_conditions": 592,
      "missing_scenario_ids": 0,
      "extra_scenario_ids": 0,
      "trace_files": 600,
      "missing_trace_files": 0,
      "unexpected_trace_files": 0,
      "collision_count": 14,
      "collision_rate": 0.023333333333333334,
      "collision_rate_among_recorded_rows": 0.023333333333333334,
      "collision_rate_wilson_low": 0.01394915794810269,
      "collision_rate_wilson_high": 0.03878233035162532,
      "success_count": 586,
      "success_rate": 0.9766666666666667,
      "overtake_count": 352,
      "overtake_rate": 0.5866666666666667,
      "follow_count": 234,
      "follow_rate": 0.39,
      "vehicle_collision_count": 14,
      "wall_only_collision_count": 0,
      "initial_ego_collision_count": 0,
      "mean_avg_speed_mps": 5.361552201854177,
      "mean_speed_variance": 1.653054534647908,
      "mean_total_distance_m": 42.565994908056794,
      "mean_final_relative_position_m": 6.113908496630936,
      "mean_global_min_surface_dist_m": 0.3891651666666667,
      "median_collision_time_s": 4.374999999999951,
      "mean_collision_time_s": 4.476428571428519,
      "steering_anomaly_episode_count": 0,
      "near_proximity_episode_count": 55,
      "bc_collisions_resolved": 11,
      "bc_collisions_persistent": 11,
      "new_collisions_created": 3,
      "paired_scenario_count": 600,
      "net_collision_change_vs_bc": -8,
      "paired_exact_p_unadjusted": 0.057373046875,
      "aggregate_consistent": true,
      "scenario_set_matches_bc": true,
      "all_action_observation_finite": true,
      "summary_valid": true,
      "trace_complete": true,
      "paired_exact_q_bh_all_panels": 0.47984730113636365,
      "collision_trace_rows": 14,
      "missing_collision_traces": 0,
      "post_overtake_rear_contact_count": 7,
      "post_overtake_rear_merge_contact_count": 7,
      "high_sideslip_tail_3deg_count": 6,
      "high_sideslip_tail_5deg_count": 6,
      "high_sideslip_tail_8deg_count": 5,
      "bc_structural_tail_scenarios_total": 12,
      "bc_structural_tail_scenarios_still_collision": 6,
      "bc_structural_tail_scenarios_resolved": 6,
      "bc_strict_5deg_tail_scenarios_total": 8,
      "bc_strict_5deg_tail_scenarios_still_collision": 4,
      "bc_strict_5deg_tail_scenarios_resolved": 4,
      "new_structural_tail_scenarios_vs_bc": 2,
      "new_strict_5deg_tail_scenarios_vs_bc": 2
    },
    "G9_U45": {
      "group": "G9",
      "arm": "hard-neighbor x 45U",
      "run": "ppo_privilege_gru_0722_long45_clip020_hard",
      "update": 45,
      "panel": "ppo_privilege_gru_0722_long45_clip020_hard_u0045",
      "episode_rows": 600,
      "unique_scenario_ids": 600,
      "unique_physical_initial_conditions": 592,
      "missing_scenario_ids": 0,
      "extra_scenario_ids": 0,
      "trace_files": 600,
      "missing_trace_files": 0,
      "unexpected_trace_files": 0,
      "collision_count": 17,
      "collision_rate": 0.028333333333333332,
      "collision_rate_among_recorded_rows": 0.028333333333333332,
      "collision_rate_wilson_low": 0.01776394016148477,
      "collision_rate_wilson_high": 0.044903931128106235,
      "success_count": 583,
      "success_rate": 0.9716666666666667,
      "overtake_count": 365,
      "overtake_rate": 0.6083333333333333,
      "follow_count": 218,
      "follow_rate": 0.36333333333333334,
      "vehicle_collision_count": 17,
      "wall_only_collision_count": 0,
      "initial_ego_collision_count": 0,
      "mean_avg_speed_mps": 5.428346768726522,
      "mean_speed_variance": 1.70323932027453,
      "mean_total_distance_m": 43.09888825722637,
      "mean_final_relative_position_m": 6.624920579285122,
      "mean_global_min_surface_dist_m": 0.36856966666666663,
      "median_collision_time_s": 4.87999999999994,
      "mean_collision_time_s": 5.107058823529346,
      "steering_anomaly_episode_count": 0,
      "near_proximity_episode_count": 56,
      "bc_collisions_resolved": 15,
      "bc_collisions_persistent": 7,
      "new_collisions_created": 10,
      "paired_scenario_count": 600,
      "net_collision_change_vs_bc": -5,
      "paired_exact_p_unadjusted": 0.42435622215270996,
      "aggregate_consistent": true,
      "scenario_set_matches_bc": true,
      "all_action_observation_finite": true,
      "summary_valid": true,
      "trace_complete": true,
      "paired_exact_q_bh_all_panels": 0.8675727208455404,
      "collision_trace_rows": 17,
      "missing_collision_traces": 0,
      "post_overtake_rear_contact_count": 5,
      "post_overtake_rear_merge_contact_count": 4,
      "high_sideslip_tail_3deg_count": 1,
      "high_sideslip_tail_5deg_count": 1,
      "high_sideslip_tail_8deg_count": 1,
      "bc_structural_tail_scenarios_total": 12,
      "bc_structural_tail_scenarios_still_collision": 1,
      "bc_structural_tail_scenarios_resolved": 11,
      "bc_strict_5deg_tail_scenarios_total": 8,
      "bc_strict_5deg_tail_scenarios_still_collision": 1,
      "bc_strict_5deg_tail_scenarios_resolved": 7,
      "new_structural_tail_scenarios_vs_bc": 4,
      "new_strict_5deg_tail_scenarios_vs_bc": 0
    }
  },
  "long_extension_actor_exact_u1_u30": true,
  "data_quality_issues": [
    "The nominal 600-scenario panel contains 592 unique physical initial conditions because the closed-raceline endpoint duplicates the start for 8 cross-raceline combinations.",
    "ppo_privilege_gru_0722_lr5_tkloff_u0020 has one failed/missing episode (599 JSON rows and 599 NPZ traces; error_count=1), so it is excluded from claims requiring a complete panel.",
    "0721 traces predate terminal-frame recording; collision labels/times therefore come from results_multi.json and their last trace frame is 0.01 s pre-impact."
  ],
  "tail_classifier_definition": {
    "structural": "ego-opponent collision after relative progress crossed zero, with opponent center behind ego at impact/pre-impact",
    "merge": "absolute ego-frame lateral separation closed by at least 0.10 m during the preceding 0.5 s",
    "strict_5deg": "structural + merge + maximum pose-derived sideslip at least 5 degrees in the preceding 0.5 s",
    "sensitivity_thresholds_deg": [
      3,
      5,
      8
    ]
  }
}
