Gym has been unmaintained since 2022 and does not support NumPy 2.0 amongst other critical functionality.
Please upgrade to Gymnasium, the maintained drop-in replacement of Gym, or contact the authors of your software and request that they upgrade.
See the migration guide at https://gymnasium.farama.org/introduction/migration_guide/ for additional information.
B0_START count=24 concurrency=1
/home/haowei/miniconda3/envs/end2race/lib/python3.10/site-packages/f110_gym/envs/base_classes.py:93: UserWarning: Chosen integrator is RK4. This is different from previous versions of the gym.
  warnings.warn(f"Chosen integrator is RK4. This is different from previous versions of the gym.")
B0_CASE 01/24 training-sp00-ego0021-raceline2-v080 outcome=overtake sim_s=8.00 rel_m=6.093 wall_s=4.02
/home/haowei/miniconda3/envs/end2race/lib/python3.10/site-packages/f110_gym/envs/base_classes.py:93: UserWarning: Chosen integrator is RK4. This is different from previous versions of the gym.
  warnings.warn(f"Chosen integrator is RK4. This is different from previous versions of the gym.")
B0_CASE 02/24 training-sp01-ego0063-raceline2-v080 outcome=overtake sim_s=8.00 rel_m=1.107 wall_s=1.75
B0_CASE 03/24 training-sp02-ego0110-raceline0-v080 outcome=overtake sim_s=8.00 rel_m=6.462 wall_s=1.64
B0_CASE 04/24 training-sp02-ego0110-raceline2-v080 outcome=overtake sim_s=8.00 rel_m=5.470 wall_s=1.70
B0_CASE 05/24 training-sp03-ego0151-raceline1-v050 outcome=overtake sim_s=8.00 rel_m=7.560 wall_s=1.89
B0_CASE 06/24 training-sp03-ego0151-raceline1-v060 outcome=ego_collision sim_s=5.14 rel_m=-0.137 wall_s=1.26
B0_CASE 07/24 training-sp03-ego0151-raceline2-v050 outcome=overtake sim_s=8.00 rel_m=21.832 wall_s=1.65
B0_CASE 08/24 training-sp07-ego0319-raceline0-v080 outcome=ego_collision sim_s=6.95 rel_m=0.013 wall_s=1.56
B0_CASE 09/24 training-sp10-ego0440-raceline0-v050 outcome=overtake sim_s=8.00 rel_m=23.497 wall_s=1.63
B0_CASE 10/24 training-sp10-ego0440-raceline0-v060 outcome=overtake sim_s=8.00 rel_m=17.894 wall_s=1.70
B0_CASE 11/24 training-sp13-ego0571-raceline1-v050 outcome=follow sim_s=8.00 rel_m=-1.326 wall_s=2.21
B0_CASE 12/24 training-sp14-ego0613-raceline0-v080 outcome=ego_collision sim_s=4.73 rel_m=0.064 wall_s=1.06
B0_CASE 13/24 training-sp15-ego0650-raceline2-v070 outcome=overtake sim_s=8.00 rel_m=14.714 wall_s=1.79
B0_CASE 14/24 training-sp16-ego0692-raceline2-v070 outcome=overtake sim_s=8.00 rel_m=14.614 wall_s=2.01
B0_CASE 15/24 training-sp24-ego1032-raceline0-v080 outcome=overtake sim_s=8.00 rel_m=3.536 wall_s=1.91
B0_CASE 16/24 training-sp24-ego1032-raceline2-v070 outcome=overtake sim_s=8.00 rel_m=7.970 wall_s=1.92
B0_CASE 17/24 training-sp30-ego1272-raceline0-v070 outcome=overtake sim_s=8.00 rel_m=13.715 wall_s=1.80
B0_CASE 18/24 training-sp32-ego1356-raceline1-v050 outcome=follow sim_s=8.00 rel_m=-1.467 wall_s=2.02
B0_CASE 19/24 training-sp33-ego1404-raceline0-v070 outcome=overtake sim_s=8.00 rel_m=9.584 wall_s=1.84
B0_CASE 20/24 training-sp35-ego1488-raceline1-v060 outcome=follow sim_s=8.00 rel_m=-1.499 wall_s=2.01
B0_CASE 21/24 training-sp37-ego1567-raceline1-v060 outcome=follow sim_s=8.00 rel_m=-1.952 wall_s=1.94
B0_CASE 22/24 training-sp46-ego1954-raceline2-v080 outcome=overtake sim_s=8.00 rel_m=9.690 wall_s=1.75
B0_CASE 23/24 training-sp49-ego2075-raceline1-v050 outcome=overtake sim_s=8.00 rel_m=18.813 wall_s=1.88
B0_CASE 24/24 training-sp49-ego2075-raceline1-v060 outcome=follow sim_s=8.00 rel_m=-1.783 wall_s=2.16
B0_SUMMARY {"b_f0_passes": true, "case_count": 24, "counts": {"ego_collision": 3, "follow": 5, "opponent_collision_only": 0, "overtake": 16}, "minimum_required": 17, "no_collision_completion_count": 21, "no_collision_completion_fraction": 0.875, "scenario_ids": ["training-sp00-ego0021-raceline2-v080", "training-sp01-ego0063-raceline2-v080", "training-sp02-ego0110-raceline0-v080", "training-sp02-ego0110-raceline2-v080", "training-sp03-ego0151-raceline1-v050", "training-sp03-ego0151-raceline1-v060", "training-sp03-ego0151-raceline2-v050", "training-sp07-ego0319-raceline0-v080", "training-sp10-ego0440-raceline0-v050", "training-sp10-ego0440-raceline0-v060", "training-sp13-ego0571-raceline1-v050", "training-sp14-ego0613-raceline0-v080", "training-sp15-ego0650-raceline2-v070", "training-sp16-ego0692-raceline2-v070", "training-sp24-ego1032-raceline0-v080", "training-sp24-ego1032-raceline2-v070", "training-sp30-ego1272-raceline0-v070", "training-sp32-ego1356-raceline1-v050", "training-sp33-ego1404-raceline0-v070", "training-sp35-ego1488-raceline1-v060", "training-sp37-ego1567-raceline1-v060", "training-sp46-ego1954-raceline2-v080", "training-sp49-ego2075-raceline1-v050", "training-sp49-ego2075-raceline1-v060"]}
