Gym has been unmaintained since 2022 and does not support NumPy 2.0 amongst other critical functionality.
Please upgrade to Gymnasium, the maintained drop-in replacement of Gym, or contact the authors of your software and request that they upgrade.
See the migration guide at https://gymnasium.farama.org/introduction/migration_guide/ for additional information.
/home/haowei/miniconda3/envs/end2race/lib/python3.10/site-packages/f110_gym/envs/base_classes.py:93: UserWarning: Chosen integrator is RK4. This is different from previous versions of the gym.
  warnings.warn(f"Chosen integrator is RK4. This is different from previous versions of the gym.")
Using cuda device
Early stopping at step 0 due to reaching max kl: 0.10
Traceback (most recent call last):
  File "/home/haowei/Documents/End2Race/train_ppo.py", line 391, in <module>
    run_dir = train(config, args.seed, output_dir)
  File "/home/haowei/Documents/End2Race/train_ppo.py", line 351, in train
    model.learn(
  File "/home/haowei/miniconda3/envs/end2race/lib/python3.10/site-packages/sb3_contrib/ppo_recurrent/ppo_recurrent.py", line 450, in learn
    return super().learn(
  File "/home/haowei/miniconda3/envs/end2race/lib/python3.10/site-packages/stable_baselines3/common/on_policy_algorithm.py", line 324, in learn
    continue_training = self.collect_rollouts(self.env, callback, self.rollout_buffer, n_rollout_steps=self.n_steps)
  File "/home/haowei/miniconda3/envs/end2race/lib/python3.10/site-packages/sb3_contrib/ppo_recurrent/ppo_recurrent.py", line 252, in collect_rollouts
    new_obs, rewards, dones, infos = env.step(clipped_actions)
  File "/home/haowei/miniconda3/envs/end2race/lib/python3.10/site-packages/stable_baselines3/common/vec_env/base_vec_env.py", line 222, in step
    return self.step_wait()
  File "/home/haowei/miniconda3/envs/end2race/lib/python3.10/site-packages/stable_baselines3/common/vec_env/dummy_vec_env.py", line 59, in step_wait
    obs, self.buf_rews[env_idx], terminated, truncated, self.buf_infos[env_idx] = self.envs[env_idx].step(  # type: ignore[assignment]
  File "/home/haowei/Documents/End2Race/ppo/environment.py", line 454, in step
    reward_result = self.transition_reward.step(
  File "/home/haowei/Documents/End2Race/ppo/reward.py", line 244, in step
    clearance = oriented_rectangle_clearance(ego_pose, opponent_pose)
  File "/home/haowei/Documents/End2Race/ppo/environment.py", line 55, in oriented_rectangle_clearance
    first = _rectangle_vertices(*map(float, first_pose))
  File "/home/haowei/Documents/End2Race/ppo/environment.py", line 42, in _rectangle_vertices
    return local @ rotation.T + np.asarray([x, y])
KeyboardInterrupt
