Gym has been unmaintained since 2022 and does not support NumPy 2.0 amongst other critical functionality.
Please upgrade to Gymnasium, the maintained drop-in replacement of Gym, or contact the authors of your software and request that they upgrade.
See the migration guide at https://gymnasium.farama.org/introduction/migration_guide/ for additional information.
DR_B2_START scenarios=186 workers=4
/home/haowei/miniconda3/envs/end2race/lib/python3.10/site-packages/f110_gym/envs/base_classes.py:93: UserWarning: Chosen integrator is RK4. This is different from previous versions of the gym.
  warnings.warn(f"Chosen integrator is RK4. This is different from previous versions of the gym.")
/home/haowei/miniconda3/envs/end2race/lib/python3.10/site-packages/f110_gym/envs/base_classes.py:93: UserWarning: Chosen integrator is RK4. This is different from previous versions of the gym.
  warnings.warn(f"Chosen integrator is RK4. This is different from previous versions of the gym.")
/home/haowei/miniconda3/envs/end2race/lib/python3.10/site-packages/f110_gym/envs/base_classes.py:93: UserWarning: Chosen integrator is RK4. This is different from previous versions of the gym.
  warnings.warn(f"Chosen integrator is RK4. This is different from previous versions of the gym.")
/home/haowei/miniconda3/envs/end2race/lib/python3.10/site-packages/f110_gym/envs/base_classes.py:93: UserWarning: Chosen integrator is RK4. This is different from previous versions of the gym.
  warnings.warn(f"Chosen integrator is RK4. This is different from previous versions of the gym.")
DR_B2_CASE 001/186 training-sp02-ego0110-raceline2-v080 outcome=overtake retained=True
DR_B2_CASE 002/186 training-sp02-ego0110-raceline0-v080 outcome=overtake retained=True
DR_B2_CASE 003/186 training-sp01-ego0063-raceline2-v080 outcome=overtake retained=True
DR_B2_CASE 004/186 training-sp00-ego0021-raceline2-v080 outcome=overtake retained=True
/home/haowei/miniconda3/envs/end2race/lib/python3.10/site-packages/f110_gym/envs/base_classes.py:93: UserWarning: Chosen integrator is RK4. This is different from previous versions of the gym.
  warnings.warn(f"Chosen integrator is RK4. This is different from previous versions of the gym.")
/home/haowei/miniconda3/envs/end2race/lib/python3.10/site-packages/f110_gym/envs/base_classes.py:93: UserWarning: Chosen integrator is RK4. This is different from previous versions of the gym.
  warnings.warn(f"Chosen integrator is RK4. This is different from previous versions of the gym.")
/home/haowei/miniconda3/envs/end2race/lib/python3.10/site-packages/f110_gym/envs/base_classes.py:93: UserWarning: Chosen integrator is RK4. This is different from previous versions of the gym.
  warnings.warn(f"Chosen integrator is RK4. This is different from previous versions of the gym.")
/home/haowei/miniconda3/envs/end2race/lib/python3.10/site-packages/f110_gym/envs/base_classes.py:93: UserWarning: Chosen integrator is RK4. This is different from previous versions of the gym.
  warnings.warn(f"Chosen integrator is RK4. This is different from previous versions of the gym.")
DR_B2_CASE 005/186 training-sp03-ego0151-raceline1-v060 outcome=ego_collision retained=False
DR_B2_CASE 006/186 training-sp07-ego0319-raceline0-v080 outcome=ego_collision retained=False
DR_B2_CASE 007/186 training-sp03-ego0151-raceline2-v050 outcome=overtake retained=True
DR_B2_CASE 008/186 training-sp03-ego0151-raceline1-v050 outcome=overtake retained=True
DR_B2_CASE 009/186 training-sp14-ego0613-raceline0-v080 outcome=ego_collision retained=False
DR_B2_CASE 010/186 training-sp10-ego0440-raceline0-v050 outcome=overtake retained=True
DR_B2_CASE 011/186 training-sp10-ego0440-raceline0-v060 outcome=overtake retained=True
DR_B2_CASE 012/186 training-sp13-ego0571-raceline1-v050 outcome=follow retained=True
DR_B2_CASE 013/186 training-sp15-ego0650-raceline2-v070 outcome=overtake retained=True
DR_B2_CASE 014/186 training-sp16-ego0692-raceline2-v070 outcome=overtake retained=True
DR_B2_CASE 015/186 training-sp24-ego1032-raceline0-v080 outcome=overtake retained=True
DR_B2_CASE 016/186 training-sp24-ego1032-raceline2-v070 outcome=overtake retained=True
DR_B2_CASE 017/186 training-sp30-ego1272-raceline0-v070 outcome=overtake retained=True
DR_B2_CASE 018/186 training-sp33-ego1404-raceline0-v070 outcome=overtake retained=True
DR_B2_CASE 019/186 training-sp32-ego1356-raceline1-v050 outcome=follow retained=True
DR_B2_CASE 020/186 training-sp35-ego1488-raceline1-v060 outcome=follow retained=True
DR_B2_CASE 021/186 training-sp37-ego1567-raceline1-v060 outcome=follow retained=True
DR_B2_CASE 022/186 training-sp46-ego1954-raceline2-v080 outcome=overtake retained=True
DR_B2_CASE 023/186 training-sp49-ego2075-raceline1-v050 outcome=overtake retained=True
DR_B2_CASE 024/186 training-sp49-ego2075-raceline1-v060 outcome=follow retained=True
DR_B2_CASE 025/186 v12-sp000-ego0010-raceline0-i10-v080 outcome=overtake retained=True
DR_B2_CASE 026/186 v12-sp001-ego0031-raceline0-i08-v080 outcome=overtake retained=True
DR_B2_CASE 027/186 v12-sp001-ego0031-raceline2-i12-v080 outcome=overtake retained=True
DR_B2_CASE 028/186 v12-sp004-ego0094-raceline0-i08-v085 outcome=overtake retained=True
DR_B2_CASE 029/186 v12-sp004-ego0094-raceline0-i12-v080 outcome=overtake retained=True
DR_B2_CASE 030/186 v12-sp004-ego0094-raceline0-i15-v080 outcome=overtake retained=True
DR_B2_CASE 031/186 v12-sp004-ego0094-raceline2-i10-v070 outcome=overtake retained=True
DR_B2_CASE 032/186 v12-sp004-ego0094-raceline2-i15-v060 outcome=overtake retained=True
DR_B2_CASE 033/186 v12-sp004-ego0094-raceline2-i15-v080 outcome=ego_collision retained=False
DR_B2_CASE 034/186 v12-sp005-ego0115-raceline0-i15-v060 outcome=overtake retained=True
DR_B2_CASE 035/186 v12-sp005-ego0115-raceline0-i08-v085 outcome=overtake retained=True
DR_B2_CASE 036/186 v12-sp005-ego0115-raceline0-i15-v080 outcome=overtake retained=True
DR_B2_CASE 037/186 v12-sp006-ego0136-raceline0-i08-v085 outcome=overtake retained=True
DR_B2_CASE 038/186 v12-sp006-ego0136-raceline0-i15-v065 outcome=overtake retained=True
DR_B2_CASE 039/186 v12-sp006-ego0136-raceline0-i15-v080 outcome=overtake retained=True
DR_B2_CASE 040/186 v12-sp006-ego0136-raceline1-i08-v050 outcome=overtake retained=True
DR_B2_CASE 041/186 v12-sp006-ego0136-raceline1-i10-v045 outcome=overtake retained=True
DR_B2_CASE 042/186 v12-sp006-ego0136-raceline2-i08-v050 outcome=overtake retained=True
DR_B2_CASE 043/186 v12-sp006-ego0136-raceline2-i10-v075 outcome=overtake retained=True
DR_B2_CASE 044/186 v12-sp006-ego0136-raceline2-i12-v075 outcome=overtake retained=True
DR_B2_CASE 045/186 v12-sp006-ego0136-raceline2-i15-v075 outcome=overtake retained=True
DR_B2_CASE 046/186 v12-sp007-ego0157-raceline0-i08-v080 outcome=overtake retained=True
DR_B2_CASE 047/186 v12-sp007-ego0157-raceline0-i08-v085 outcome=overtake retained=True
DR_B2_CASE 048/186 v12-sp007-ego0157-raceline0-i12-v085 outcome=overtake retained=True
DR_B2_CASE 049/186 v12-sp007-ego0157-raceline0-i15-v080 outcome=overtake retained=True
DR_B2_CASE 050/186 v12-sp014-ego0305-raceline0-i08-v085 outcome=overtake retained=True
DR_B2_CASE 051/186 v12-sp014-ego0305-raceline0-i12-v085 outcome=overtake retained=True
DR_B2_CASE 052/186 v12-sp014-ego0305-raceline0-i15-v080 outcome=overtake retained=True
DR_B2_CASE 053/186 v12-sp014-ego0305-raceline2-i10-v045 outcome=ego_collision retained=False
DR_B2_CASE 054/186 v12-sp014-ego0305-raceline0-i15-v085 outcome=overtake retained=True
DR_B2_CASE 055/186 v12-sp015-ego0325-raceline0-i08-v085 outcome=follow retained=True
DR_B2_CASE 056/186 v12-sp015-ego0325-raceline0-i10-v080 outcome=overtake retained=True
DR_B2_CASE 057/186 v12-sp015-ego0325-raceline0-i10-v085 outcome=overtake retained=True
DR_B2_CASE 058/186 v12-sp015-ego0325-raceline0-i12-v080 outcome=follow retained=True
DR_B2_CASE 059/186 v12-sp015-ego0325-raceline0-i15-v080 outcome=overtake retained=True
DR_B2_CASE 060/186 v12-sp020-ego0432-raceline0-i08-v065 outcome=overtake retained=True
DR_B2_CASE 061/186 v12-sp020-ego0432-raceline0-i10-v060 outcome=overtake retained=True
DR_B2_CASE 062/186 v12-sp020-ego0432-raceline0-i12-v060 outcome=overtake retained=True
DR_B2_CASE 063/186 v12-sp020-ego0432-raceline2-i15-v070 outcome=ego_collision retained=False
DR_B2_CASE 064/186 v12-sp020-ego0432-raceline0-i15-v055 outcome=overtake retained=True
DR_B2_CASE 065/186 v12-sp020-ego0432-raceline2-i08-v075 outcome=overtake retained=True
DR_B2_CASE 066/186 v12-sp021-ego0451-raceline0-i08-v070 outcome=overtake retained=True
DR_B2_CASE 067/186 v12-sp021-ego0451-raceline0-i08-v085 outcome=overtake retained=True
DR_B2_CASE 068/186 v12-sp021-ego0451-raceline0-i10-v070 outcome=overtake retained=True
DR_B2_CASE 069/186 v12-sp021-ego0451-raceline0-i10-v085 outcome=overtake retained=True
DR_B2_CASE 070/186 v12-sp021-ego0451-raceline0-i12-v055 outcome=overtake retained=True
DR_B2_CASE 071/186 v12-sp021-ego0451-raceline0-i12-v070 outcome=ego_collision retained=False
DR_B2_CASE 072/186 v12-sp021-ego0451-raceline0-i12-v065 outcome=overtake retained=True
DR_B2_CASE 073/186 v12-sp021-ego0451-raceline0-i15-v065 outcome=ego_collision retained=False
DR_B2_CASE 074/186 v12-sp021-ego0451-raceline0-i12-v085 outcome=overtake retained=True
DR_B2_CASE 075/186 v12-sp021-ego0451-raceline0-i15-v060 outcome=overtake retained=True
DR_B2_CASE 076/186 v12-sp021-ego0451-raceline0-i15-v080 outcome=overtake retained=True
DR_B2_CASE 077/186 v12-sp028-ego0593-raceline0-i12-v075 outcome=ego_collision retained=False
DR_B2_CASE 078/186 v12-sp021-ego0451-raceline0-i15-v085 outcome=overtake retained=True
DR_B2_CASE 079/186 v12-sp021-ego0451-raceline2-i10-v075 outcome=overtake retained=True
DR_B2_CASE 080/186 v12-sp028-ego0593-raceline1-i15-v045 outcome=ego_collision retained=False
DR_B2_CASE 081/186 v12-sp028-ego0593-raceline1-i15-v050 outcome=follow retained=True
DR_B2_CASE 082/186 v12-sp028-ego0593-raceline2-i10-v085 outcome=overtake retained=True
DR_B2_CASE 083/186 v12-sp029-ego0618-raceline0-i08-v055 outcome=overtake retained=True
DR_B2_CASE 084/186 v12-sp029-ego0618-raceline0-i08-v080 outcome=overtake retained=True
DR_B2_CASE 085/186 v12-sp029-ego0618-raceline1-i15-v055 outcome=ego_collision retained=False
DR_B2_CASE 086/186 v12-sp029-ego0618-raceline0-i10-v050 outcome=overtake retained=True
DR_B2_CASE 087/186 v12-sp029-ego0618-raceline0-i12-v045 outcome=overtake retained=True
DR_B2_CASE 088/186 v12-sp029-ego0618-raceline2-i12-v075 outcome=overtake retained=True
DR_B2_CASE 089/186 v12-sp030-ego0635-raceline0-i08-v045 outcome=overtake retained=True
DR_B2_CASE 090/186 v12-sp030-ego0635-raceline0-i08-v050 outcome=overtake retained=True
DR_B2_CASE 091/186 v12-sp030-ego0635-raceline0-i10-v045 outcome=overtake retained=True
DR_B2_CASE 092/186 v12-sp030-ego0635-raceline1-i08-v045 outcome=ego_collision retained=False
DR_B2_CASE 093/186 v12-sp030-ego0635-raceline0-i10-v050 outcome=overtake retained=True
DR_B2_CASE 094/186 v12-sp030-ego0635-raceline1-i08-v050 outcome=ego_collision retained=False
DR_B2_CASE 095/186 v12-sp030-ego0635-raceline0-i12-v045 outcome=overtake retained=True
DR_B2_CASE 096/186 v12-sp030-ego0635-raceline1-i08-v055 outcome=ego_collision retained=False
DR_B2_CASE 097/186 v12-sp030-ego0635-raceline1-i10-v050 outcome=follow retained=True
DR_B2_CASE 098/186 v12-sp030-ego0635-raceline1-i12-v050 outcome=follow retained=True
DR_B2_CASE 099/186 v12-sp030-ego0635-raceline1-i10-v055 outcome=follow retained=True
DR_B2_CASE 100/186 v12-sp030-ego0635-raceline1-i12-v055 outcome=follow retained=True
DR_B2_CASE 101/186 v12-sp030-ego0635-raceline2-i08-v080 outcome=overtake retained=True
DR_B2_CASE 102/186 v12-sp030-ego0635-raceline1-i15-v045 outcome=follow retained=True
DR_B2_CASE 103/186 v12-sp030-ego0635-raceline2-i10-v075 outcome=overtake retained=True
DR_B2_CASE 104/186 v12-sp030-ego0635-raceline2-i10-v080 outcome=overtake retained=True
DR_B2_CASE 105/186 v12-sp031-ego0660-raceline0-i15-v085 outcome=ego_collision retained=False
DR_B2_CASE 106/186 v12-sp030-ego0635-raceline2-i15-v070 outcome=overtake retained=True
DR_B2_CASE 107/186 v12-sp031-ego0660-raceline0-i15-v080 outcome=overtake retained=True
DR_B2_CASE 108/186 v12-sp030-ego0635-raceline2-i15-v075 outcome=overtake retained=True
DR_B2_CASE 109/186 v12-sp031-ego0660-raceline1-i08-v045 outcome=ego_collision retained=False
DR_B2_CASE 110/186 v12-sp031-ego0660-raceline2-i08-v075 outcome=overtake retained=True
DR_B2_CASE 111/186 v12-sp031-ego0660-raceline2-i08-v080 outcome=overtake retained=True
DR_B2_CASE 112/186 v12-sp031-ego0660-raceline1-i08-v050 outcome=follow retained=True
DR_B2_CASE 113/186 v12-sp031-ego0660-raceline2-i10-v075 outcome=overtake retained=True
DR_B2_CASE 114/186 v12-sp031-ego0660-raceline2-i15-v070 outcome=overtake retained=True
DR_B2_CASE 115/186 v12-sp031-ego0660-raceline2-i12-v075 outcome=overtake retained=True
DR_B2_CASE 116/186 v12-sp032-ego0679-raceline0-i08-v045 outcome=overtake retained=True
DR_B2_CASE 117/186 v12-sp032-ego0679-raceline0-i12-v080 outcome=overtake retained=True
DR_B2_CASE 118/186 v12-sp033-ego0702-raceline0-i10-v075 outcome=ego_collision retained=False
DR_B2_CASE 119/186 v12-sp032-ego0679-raceline2-i08-v080 outcome=overtake retained=True
DR_B2_CASE 120/186 v12-sp032-ego0679-raceline2-i08-v085 outcome=overtake retained=True
DR_B2_CASE 121/186 v12-sp032-ego0679-raceline2-i10-v080 outcome=overtake retained=True
DR_B2_CASE 122/186 v12-sp033-ego0702-raceline0-i10-v080 outcome=opponent_collision_only retained=False
DR_B2_CASE 123/186 v12-sp033-ego0702-raceline0-i12-v070 outcome=overtake retained=True
DR_B2_CASE 124/186 v12-sp033-ego0702-raceline1-i12-v055 outcome=follow retained=True
DR_B2_CASE 125/186 v12-sp033-ego0702-raceline1-i15-v045 outcome=follow retained=True
DR_B2_CASE 126/186 v12-sp033-ego0702-raceline1-i15-v055 outcome=follow retained=True
DR_B2_CASE 127/186 v12-sp033-ego0702-raceline1-i15-v060 outcome=follow retained=True
DR_B2_CASE 128/186 v12-sp033-ego0702-raceline2-i12-v080 outcome=follow retained=True
DR_B2_CASE 129/186 v12-sp033-ego0702-raceline2-i15-v070 outcome=overtake retained=True
DR_B2_CASE 130/186 v12-sp064-ego1352-raceline0-i10-v080 outcome=overtake retained=True
DR_B2_CASE 131/186 v12-sp064-ego1352-raceline0-i12-v075 outcome=overtake retained=True
DR_B2_CASE 132/186 v12-sp064-ego1352-raceline1-i12-v045 outcome=follow retained=True
DR_B2_CASE 133/186 v12-sp064-ego1352-raceline1-i10-v045 outcome=follow retained=True
DR_B2_CASE 134/186 v12-sp064-ego1352-raceline1-i12-v060 outcome=follow retained=True
DR_B2_CASE 135/186 v12-sp064-ego1352-raceline1-i15-v045 outcome=follow retained=True
DR_B2_CASE 136/186 v12-sp065-ego1374-raceline0-i08-v085 outcome=overtake retained=True
DR_B2_CASE 137/186 v12-sp064-ego1352-raceline1-i15-v060 outcome=follow retained=True
DR_B2_CASE 138/186 v12-sp065-ego1374-raceline0-i10-v070 outcome=overtake retained=True
DR_B2_CASE 139/186 v12-sp065-ego1374-raceline0-i10-v085 outcome=overtake retained=True
DR_B2_CASE 140/186 v12-sp065-ego1374-raceline0-i15-v075 outcome=overtake retained=True
DR_B2_CASE 141/186 v12-sp065-ego1374-raceline0-i15-v080 outcome=overtake retained=True
DR_B2_CASE 142/186 v12-sp065-ego1374-raceline1-i15-v045 outcome=follow retained=True
DR_B2_CASE 143/186 v12-sp065-ego1374-raceline1-i15-v050 outcome=follow retained=True
DR_B2_CASE 144/186 v12-sp065-ego1374-raceline2-i08-v085 outcome=overtake retained=True
DR_B2_CASE 145/186 v12-sp065-ego1374-raceline2-i10-v080 outcome=overtake retained=True
DR_B2_CASE 146/186 v12-sp065-ego1374-raceline2-i12-v080 outcome=overtake retained=True
DR_B2_CASE 147/186 v12-sp065-ego1374-raceline2-i12-v085 outcome=ego_collision retained=False
DR_B2_CASE 148/186 v12-sp065-ego1374-raceline2-i15-v075 outcome=overtake retained=True
DR_B2_CASE 149/186 v12-sp065-ego1374-raceline2-i15-v080 outcome=overtake retained=True
DR_B2_CASE 150/186 v12-sp066-ego1394-raceline0-i08-v075 outcome=overtake retained=True
DR_B2_CASE 151/186 v12-sp066-ego1394-raceline0-i08-v080 outcome=overtake retained=True
DR_B2_CASE 152/186 v12-sp066-ego1394-raceline0-i10-v075 outcome=overtake retained=True
DR_B2_CASE 153/186 v12-sp066-ego1394-raceline1-i12-v045 outcome=follow retained=True
DR_B2_CASE 154/186 v12-sp067-ego1417-raceline0-i15-v075 outcome=ego_collision retained=False
DR_B2_CASE 155/186 v12-sp066-ego1394-raceline1-i15-v045 outcome=follow retained=True
DR_B2_CASE 156/186 v12-sp067-ego1417-raceline0-i12-v080 outcome=overtake retained=True
DR_B2_CASE 157/186 v12-sp067-ego1417-raceline1-i15-v045 outcome=follow retained=True
DR_B2_CASE 158/186 v12-sp067-ego1417-raceline2-i08-v045 outcome=overtake retained=True
DR_B2_CASE 159/186 v12-sp067-ego1417-raceline1-i15-v050 outcome=follow retained=True
DR_B2_CASE 160/186 v12-sp067-ego1417-raceline2-i08-v050 outcome=overtake retained=True
DR_B2_CASE 161/186 v12-sp067-ego1417-raceline2-i10-v045 outcome=overtake retained=True
DR_B2_CASE 162/186 v12-sp092-ego1939-raceline2-i12-v085 outcome=overtake retained=True
DR_B2_CASE 163/186 v12-sp092-ego1939-raceline2-i15-v080 outcome=overtake retained=True
DR_B2_CASE 164/186 v12-sp093-ego1960-raceline1-i10-v070 outcome=follow retained=True
DR_B2_CASE 165/186 v12-sp093-ego1960-raceline1-i15-v080 outcome=follow retained=True
DR_B2_CASE 166/186 v12-sp093-ego1960-raceline2-i10-v085 outcome=overtake retained=True
DR_B2_CASE 167/186 v12-sp098-ego2065-raceline1-i15-v050 outcome=follow retained=True
DR_B2_CASE 168/186 v12-sp098-ego2065-raceline1-i15-v075 outcome=follow retained=True
DR_B2_CASE 169/186 v12-sp099-ego2086-raceline0-i08-v045 outcome=ego_collision retained=False
DR_B2_CASE 170/186 v12-sp098-ego2065-raceline2-i08-v045 outcome=overtake retained=True
DR_B2_CASE 171/186 v12-sp099-ego2086-raceline0-i08-v050 outcome=ego_collision retained=False
DR_B2_CASE 172/186 v12-sp098-ego2065-raceline2-i08-v050 outcome=overtake retained=True
DR_B2_CASE 173/186 v12-sp099-ego2086-raceline0-i08-v065 outcome=ego_collision retained=False
DR_B2_CASE 174/186 v12-sp099-ego2086-raceline0-i08-v055 outcome=overtake retained=True
DR_B2_CASE 175/186 v12-sp099-ego2086-raceline0-i08-v060 outcome=overtake retained=True
DR_B2_CASE 176/186 v12-sp099-ego2086-raceline0-i08-v075 outcome=ego_collision retained=False
DR_B2_CASE 177/186 v12-sp099-ego2086-raceline0-i08-v070 outcome=overtake retained=True
DR_B2_CASE 178/186 v12-sp099-ego2086-raceline0-i08-v080 outcome=ego_collision retained=False
DR_B2_CASE 179/186 v12-sp099-ego2086-raceline0-i15-v050 outcome=overtake retained=True
DR_B2_CASE 180/186 v12-sp099-ego2086-raceline1-i10-v070 outcome=follow retained=True
DR_B2_CASE 181/186 v12-sp099-ego2086-raceline2-i08-v085 outcome=overtake retained=True
DR_B2_CASE 182/186 v12-sp099-ego2086-raceline1-i12-v065 outcome=follow retained=True
DR_B2_CASE 183/186 v12-sp099-ego2086-raceline2-i10-v060 outcome=overtake retained=True
DR_B2_CASE 184/186 v12-sp099-ego2086-raceline2-i10-v065 outcome=overtake retained=True
DR_B2_CASE 185/186 v12-sp099-ego2086-raceline2-i15-v055 outcome=overtake retained=True
DR_B2_CASE 186/186 v12-sp099-ego2086-raceline2-i10-v075 outcome=overtake retained=True
DR_B2_SUMMARY {"action_distribution": {"desired_speed": {"count": 12880, "finite": true, "histogram_counts": [6, 1, 10, 114, 323, 376, 488, 454, 658, 631, 1034, 871, 962, 1219, 2386, 3347, 0, 0, 0, 0], "histogram_edges": [0.0, 0.5, 1.0, 1.5, 2.0, 2.5, 3.0, 3.5, 4.0, 4.5, 5.0, 5.5, 6.0, 6.5, 7.0, 7.5, 8.0, 8.5, 9.0, 9.5, 10.0], "max": 7.5, "mean": 6.077652375328337, "median": 6.7140212059021, "min": 0.41683340072631836, "outside_histogram_count": 0, "std": 1.5998629780447715}, "steering": {"count": 12880, "finite": true, "histogram_counts": [135, 48, 49, 62, 128, 192, 298, 671, 1073, 4598, 3753, 1016, 546, 166, 68, 31, 11, 16, 15, 4], "histogram_edges": [-0.52, -0.468, -0.41600000000000004, -0.364, -0.312, -0.26, -0.20799999999999996, -0.15599999999999997, -0.10399999999999998, -0.05199999999999999, 0.0, 0.052000000000000046, 0.10400000000000009, 0.15600000000000003, 0.20800000000000007, 0.26, 0.31200000000000006, 0.3640000000000001, 0.41600000000000004, 0.4680000000000001, 0.52], "max": 0.5199999809265137, "mean": -0.018229948257895607, "median": -0.0038513297913596034, "min": -0.5199999809265137, "outside_histogram_count": 0, "std": 0.10424969553428962}}, "attempted_count": 186, "dataset_manifest_path": "runs/ppo/DR_B2_20260717/dataset_manifest.json", "dataset_manifest_sha256": "712b5ea018eb3c3bffb997971d58670649df8ce31921233b415af070e60ebbff", "generator_path": "/home/haowei/Documents/End2Race/generate_demo_repair.py", "generator_sha256": "cab3d9d12bb4015aeae9b59a36d98abe5120dc55d933719f5860253de0dc0cdc", "outcome_counts": {"ego_collision": 24, "error": 0, "follow": 36, "incomplete": 0, "opponent_collision_only": 1, "overtake": 125}, "retained_count": 161, "retained_fraction": 0.8655913978494624, "sample_count": 12880, "scenario_selection_path": "runs/ppo/DR_B1_20260717/selected_scenarios.json", "scenario_selection_sha256": "fe01f648af7f942a793bd1ba390931c93b6e54126ee0251b2881b881fe6ecbbe", "workers": 4}
