Gym has been unmaintained since 2022 and does not support NumPy 2.0 amongst other critical functionality.
Please upgrade to Gymnasium, the maintained drop-in replacement of Gym, or contact the authors of your software and request that they upgrade.
See the migration guide at https://gymnasium.farama.org/introduction/migration_guide/ for additional information.
/home/haowei/miniconda3/envs/end2race/lib/python3.10/site-packages/f110_gym/envs/base_classes.py:93: UserWarning: Chosen integrator is RK4. This is different from previous versions of the gym.
  warnings.warn(f"Chosen integrator is RK4. This is different from previous versions of the gym.")
/home/haowei/miniconda3/envs/end2race/lib/python3.10/site-packages/f110_gym/envs/base_classes.py:93: UserWarning: Chosen integrator is RK4. This is different from previous versions of the gym.
  warnings.warn(f"Chosen integrator is RK4. This is different from previous versions of the gym.")
{"completed": 10, "total": 1440, "last": "m000_overtake_s00_iid", "outcome": "overtake"}
{"completed": 20, "total": 1440, "last": "m000_follow_s01_iid", "outcome": "follow"}
{"completed": 30, "total": 1440, "last": "m001_collision_s02_iid", "outcome": "overtake"}
{"completed": 40, "total": 1440, "last": "m001_overtake_s03_iid", "outcome": "overtake"}
{"completed": 50, "total": 1440, "last": "m002_collision_s00_iid", "outcome": "overtake"}
{"completed": 60, "total": 1440, "last": "m002_overtake_s01_ar1", "outcome": "overtake"}
{"completed": 70, "total": 1440, "last": "m002_follow_s02_iid", "outcome": "follow"}
{"completed": 80, "total": 1440, "last": "m003_collision_s03_iid", "outcome": "collision"}
{"completed": 90, "total": 1440, "last": "m003_follow_s00_ar1", "outcome": "follow"}
{"completed": 100, "total": 1440, "last": "m004_collision_s01_iid", "outcome": "follow"}
{"completed": 110, "total": 1440, "last": "m004_overtake_s02_ar1", "outcome": "overtake"}
{"completed": 120, "total": 1440, "last": "m004_follow_s03_iid", "outcome": "follow"}
{"completed": 130, "total": 1440, "last": "m005_overtake_s00_iid", "outcome": "overtake"}
{"completed": 140, "total": 1440, "last": "m005_follow_s01_ar1", "outcome": "follow"}
{"completed": 150, "total": 1440, "last": "m006_collision_s02_ar1", "outcome": "collision"}
{"completed": 160, "total": 1440, "last": "m006_overtake_s03_ar1", "outcome": "overtake"}
{"completed": 170, "total": 1440, "last": "m007_collision_s00_ar1", "outcome": "collision"}
{"completed": 180, "total": 1440, "last": "m007_overtake_s01_ar1", "outcome": "collision"}
{"completed": 190, "total": 1440, "last": "m007_follow_s02_ar1", "outcome": "follow"}
{"completed": 200, "total": 1440, "last": "m008_collision_s03_iid", "outcome": "follow"}
{"completed": 210, "total": 1440, "last": "m008_follow_s00_ar1", "outcome": "follow"}
{"completed": 220, "total": 1440, "last": "m009_collision_s01_iid", "outcome": "collision"}
{"completed": 230, "total": 1440, "last": "m009_overtake_s02_iid", "outcome": "overtake"}
{"completed": 240, "total": 1440, "last": "m009_follow_s03_iid", "outcome": "follow"}
{"completed": 250, "total": 1440, "last": "m010_overtake_s00_iid", "outcome": "overtake"}
{"completed": 260, "total": 1440, "last": "m010_follow_s01_iid", "outcome": "follow"}
{"completed": 270, "total": 1440, "last": "m011_collision_s02_iid", "outcome": "collision"}
{"completed": 280, "total": 1440, "last": "m011_overtake_s03_iid", "outcome": "overtake"}
{"completed": 290, "total": 1440, "last": "m012_collision_s00_ar1", "outcome": "overtake"}
{"completed": 300, "total": 1440, "last": "m012_overtake_s01_ar1", "outcome": "overtake"}
{"completed": 310, "total": 1440, "last": "m012_follow_s02_ar1", "outcome": "follow"}
{"completed": 320, "total": 1440, "last": "m013_collision_s03_iid", "outcome": "overtake"}
{"completed": 330, "total": 1440, "last": "m013_follow_s00_ar1", "outcome": "follow"}
{"completed": 340, "total": 1440, "last": "m014_collision_s01_ar1", "outcome": "overtake"}
{"completed": 350, "total": 1440, "last": "m014_overtake_s02_ar1", "outcome": "overtake"}
{"completed": 360, "total": 1440, "last": "m014_follow_s03_iid", "outcome": "follow"}
{"completed": 370, "total": 1440, "last": "m015_overtake_s00_iid", "outcome": "overtake"}
{"completed": 380, "total": 1440, "last": "m015_follow_s01_iid", "outcome": "follow"}
{"completed": 390, "total": 1440, "last": "m016_collision_s02_iid", "outcome": "overtake"}
{"completed": 400, "total": 1440, "last": "m016_overtake_s03_ar1", "outcome": "overtake"}
{"completed": 410, "total": 1440, "last": "m017_collision_s00_iid", "outcome": "collision"}
{"completed": 420, "total": 1440, "last": "m017_overtake_s01_iid", "outcome": "overtake"}
{"completed": 430, "total": 1440, "last": "m017_follow_s02_iid", "outcome": "follow"}
{"completed": 440, "total": 1440, "last": "m018_collision_s03_ar1", "outcome": "collision"}
{"completed": 450, "total": 1440, "last": "m018_follow_s00_iid", "outcome": "follow"}
{"completed": 460, "total": 1440, "last": "m019_collision_s01_iid", "outcome": "overtake"}
{"completed": 470, "total": 1440, "last": "m019_overtake_s02_iid", "outcome": "overtake"}
{"completed": 480, "total": 1440, "last": "m019_follow_s03_ar1", "outcome": "follow"}
{"completed": 490, "total": 1440, "last": "m020_overtake_s00_ar1", "outcome": "overtake"}
{"completed": 500, "total": 1440, "last": "m020_follow_s01_ar1", "outcome": "follow"}
{"completed": 510, "total": 1440, "last": "m021_collision_s02_iid", "outcome": "collision"}
{"completed": 520, "total": 1440, "last": "m021_overtake_s03_iid", "outcome": "overtake"}
{"completed": 530, "total": 1440, "last": "m022_collision_s00_iid", "outcome": "follow"}
{"completed": 540, "total": 1440, "last": "m022_overtake_s01_iid", "outcome": "follow"}
{"completed": 550, "total": 1440, "last": "m022_follow_s02_ar1", "outcome": "follow"}
{"completed": 560, "total": 1440, "last": "m023_collision_s03_iid", "outcome": "collision"}
{"completed": 570, "total": 1440, "last": "m023_follow_s00_ar1", "outcome": "collision"}
{"completed": 580, "total": 1440, "last": "m024_collision_s01_iid", "outcome": "collision"}
{"completed": 590, "total": 1440, "last": "m024_overtake_s02_iid", "outcome": "overtake"}
{"completed": 600, "total": 1440, "last": "m024_follow_s03_ar1", "outcome": "follow"}
{"completed": 610, "total": 1440, "last": "m025_overtake_s00_iid", "outcome": "overtake"}
{"completed": 620, "total": 1440, "last": "m025_follow_s01_iid", "outcome": "follow"}
{"completed": 630, "total": 1440, "last": "m026_collision_s02_iid", "outcome": "follow"}
{"completed": 640, "total": 1440, "last": "m026_overtake_s03_iid", "outcome": "overtake"}
{"completed": 650, "total": 1440, "last": "m027_collision_s00_ar1", "outcome": "collision"}
{"completed": 660, "total": 1440, "last": "m027_overtake_s01_ar1", "outcome": "overtake"}
{"completed": 670, "total": 1440, "last": "m027_follow_s02_iid", "outcome": "follow"}
{"completed": 680, "total": 1440, "last": "m028_collision_s03_iid", "outcome": "collision"}
{"completed": 690, "total": 1440, "last": "m028_follow_s00_ar1", "outcome": "follow"}
{"completed": 700, "total": 1440, "last": "m029_collision_s01_ar1", "outcome": "follow"}
{"completed": 710, "total": 1440, "last": "m029_overtake_s02_ar1", "outcome": "follow"}
{"completed": 720, "total": 1440, "last": "m029_follow_s03_ar1", "outcome": "collision"}
{"completed": 730, "total": 1440, "last": "m030_overtake_s00_iid", "outcome": "overtake"}
{"completed": 740, "total": 1440, "last": "m030_follow_s01_iid", "outcome": "follow"}
{"completed": 750, "total": 1440, "last": "m031_collision_s02_ar1", "outcome": "overtake"}
{"completed": 760, "total": 1440, "last": "m031_overtake_s03_iid", "outcome": "overtake"}
{"completed": 770, "total": 1440, "last": "m032_collision_s00_iid", "outcome": "collision"}
{"completed": 780, "total": 1440, "last": "m032_overtake_s01_iid", "outcome": "overtake"}
{"completed": 790, "total": 1440, "last": "m032_follow_s02_iid", "outcome": "follow"}
{"completed": 800, "total": 1440, "last": "m033_collision_s03_ar1", "outcome": "collision"}
{"completed": 810, "total": 1440, "last": "m033_follow_s00_ar1", "outcome": "collision"}
{"completed": 820, "total": 1440, "last": "m034_collision_s01_iid", "outcome": "follow"}
{"completed": 830, "total": 1440, "last": "m034_overtake_s02_ar1", "outcome": "overtake"}
{"completed": 840, "total": 1440, "last": "m034_follow_s03_iid", "outcome": "follow"}
{"completed": 850, "total": 1440, "last": "m035_overtake_s00_iid", "outcome": "overtake"}
{"completed": 860, "total": 1440, "last": "m035_follow_s01_iid", "outcome": "collision"}
{"completed": 870, "total": 1440, "last": "m036_collision_s02_iid", "outcome": "follow"}
{"completed": 880, "total": 1440, "last": "m036_overtake_s03_iid", "outcome": "overtake"}
{"completed": 890, "total": 1440, "last": "m037_collision_s00_iid", "outcome": "overtake"}
{"completed": 900, "total": 1440, "last": "m037_overtake_s01_ar1", "outcome": "overtake"}
{"completed": 910, "total": 1440, "last": "m037_follow_s02_iid", "outcome": "follow"}
{"completed": 920, "total": 1440, "last": "m038_collision_s03_ar1", "outcome": "collision"}
{"completed": 930, "total": 1440, "last": "m038_follow_s00_iid", "outcome": "follow"}
{"completed": 940, "total": 1440, "last": "m039_collision_s01_iid", "outcome": "collision"}
{"completed": 950, "total": 1440, "last": "m039_overtake_s02_iid", "outcome": "overtake"}
{"completed": 960, "total": 1440, "last": "m039_follow_s03_ar1", "outcome": "follow"}
{"completed": 970, "total": 1440, "last": "m040_overtake_s00_iid", "outcome": "collision"}
{"completed": 980, "total": 1440, "last": "m040_follow_s01_iid", "outcome": "collision"}
{"completed": 990, "total": 1440, "last": "m041_collision_s02_ar1", "outcome": "overtake"}
{"completed": 1000, "total": 1440, "last": "m041_overtake_s03_ar1", "outcome": "overtake"}
{"completed": 1010, "total": 1440, "last": "m042_collision_s00_iid", "outcome": "collision"}
{"completed": 1020, "total": 1440, "last": "m042_overtake_s01_ar1", "outcome": "overtake"}
{"completed": 1030, "total": 1440, "last": "m042_follow_s02_iid", "outcome": "follow"}
{"completed": 1040, "total": 1440, "last": "m043_collision_s03_iid", "outcome": "collision"}
{"completed": 1050, "total": 1440, "last": "m043_follow_s00_iid", "outcome": "follow"}
{"completed": 1060, "total": 1440, "last": "m044_collision_s01_ar1", "outcome": "follow"}
{"completed": 1070, "total": 1440, "last": "m044_overtake_s02_ar1", "outcome": "overtake"}
{"completed": 1080, "total": 1440, "last": "m044_follow_s03_ar1", "outcome": "follow"}
{"completed": 1090, "total": 1440, "last": "m045_overtake_s00_ar1", "outcome": "overtake"}
{"completed": 1100, "total": 1440, "last": "m045_follow_s01_iid", "outcome": "follow"}
{"completed": 1110, "total": 1440, "last": "m046_collision_s02_iid", "outcome": "overtake"}
{"completed": 1120, "total": 1440, "last": "m046_overtake_s03_ar1", "outcome": "overtake"}
{"completed": 1130, "total": 1440, "last": "m047_collision_s00_ar1", "outcome": "follow"}
{"completed": 1140, "total": 1440, "last": "m047_overtake_s01_ar1", "outcome": "overtake"}
{"completed": 1150, "total": 1440, "last": "m047_follow_s02_ar1", "outcome": "collision"}
{"completed": 1160, "total": 1440, "last": "m048_collision_s03_ar1", "outcome": "follow"}
{"completed": 1170, "total": 1440, "last": "m048_follow_s00_iid", "outcome": "follow"}
{"completed": 1180, "total": 1440, "last": "m049_collision_s01_ar1", "outcome": "follow"}
{"completed": 1190, "total": 1440, "last": "m049_overtake_s02_iid", "outcome": "overtake"}
{"completed": 1200, "total": 1440, "last": "m049_follow_s03_iid", "outcome": "follow"}
{"completed": 1210, "total": 1440, "last": "m050_overtake_s00_iid", "outcome": "overtake"}
{"completed": 1220, "total": 1440, "last": "m050_follow_s01_ar1", "outcome": "follow"}
{"completed": 1230, "total": 1440, "last": "m051_collision_s02_iid", "outcome": "collision"}
{"completed": 1240, "total": 1440, "last": "m051_overtake_s03_iid", "outcome": "overtake"}
{"completed": 1250, "total": 1440, "last": "m052_collision_s00_ar1", "outcome": "collision"}
{"completed": 1260, "total": 1440, "last": "m052_overtake_s01_iid", "outcome": "overtake"}
{"completed": 1270, "total": 1440, "last": "m052_follow_s02_iid", "outcome": "follow"}
{"completed": 1280, "total": 1440, "last": "m053_collision_s03_ar1", "outcome": "collision"}
{"completed": 1290, "total": 1440, "last": "m053_follow_s00_iid", "outcome": "follow"}
{"completed": 1300, "total": 1440, "last": "m054_collision_s01_iid", "outcome": "overtake"}
{"completed": 1310, "total": 1440, "last": "m054_overtake_s02_ar1", "outcome": "overtake"}
{"completed": 1320, "total": 1440, "last": "m054_follow_s03_ar1", "outcome": "follow"}
{"completed": 1330, "total": 1440, "last": "m055_overtake_s00_iid", "outcome": "collision"}
{"completed": 1340, "total": 1440, "last": "m055_follow_s01_iid", "outcome": "follow"}
{"completed": 1350, "total": 1440, "last": "m056_collision_s02_iid", "outcome": "collision"}
{"completed": 1360, "total": 1440, "last": "m056_overtake_s03_iid", "outcome": "overtake"}
{"completed": 1370, "total": 1440, "last": "m057_collision_s00_ar1", "outcome": "follow"}
{"completed": 1380, "total": 1440, "last": "m057_overtake_s01_ar1", "outcome": "overtake"}
{"completed": 1390, "total": 1440, "last": "m057_follow_s02_iid", "outcome": "follow"}
{"completed": 1400, "total": 1440, "last": "m058_collision_s03_ar1", "outcome": "overtake"}
{"completed": 1410, "total": 1440, "last": "m058_follow_s00_iid", "outcome": "follow"}
{"completed": 1420, "total": 1440, "last": "m059_collision_s01_iid", "outcome": "collision"}
{"completed": 1430, "total": 1440, "last": "m059_overtake_s02_ar1", "outcome": "overtake"}
{"completed": 1440, "total": 1440, "last": "m059_follow_s03_ar1", "outcome": "follow"}
{"decision": "NO_GO", "summary": "/home/haowei/end2race_analysis/b6_temporal_phase0_v3_677ab3a/run_output/summary.json"}
